Archive member included to satisfy reference by file (symbol)

C:/ST/STM32CubeIDE_1.19.0/STM32CubeIDE/plugins/com.st.stm32cube.ide.mcu.externaltools.gnu-tools-for-stm32.14.3.rel1.win32_1.0.100.202602081740/tools/bin/../lib/gcc/arm-none-eabi/14.3.1/../../../../arm-none-eabi/lib/thumb/v7e-m/nofp\libc_nano.a(libc_a-exit.o)
                              C:/ST/STM32CubeIDE_1.19.0/STM32CubeIDE/plugins/com.st.stm32cube.ide.mcu.externaltools.gnu-tools-for-stm32.14.3.rel1.win32_1.0.100.202602081740/tools/bin/../lib/gcc/arm-none-eabi/14.3.1/../../../../arm-none-eabi/lib/thumb/v7e-m/nofp/crt0.o (exit)
C:/ST/STM32CubeIDE_1.19.0/STM32CubeIDE/plugins/com.st.stm32cube.ide.mcu.externaltools.gnu-tools-for-stm32.14.3.rel1.win32_1.0.100.202602081740/tools/bin/../lib/gcc/arm-none-eabi/14.3.1/../../../../arm-none-eabi/lib/thumb/v7e-m/nofp\libc_nano.a(libc_a-findfp.o)
                              C:/ST/STM32CubeIDE_1.19.0/STM32CubeIDE/plugins/com.st.stm32cube.ide.mcu.externaltools.gnu-tools-for-stm32.14.3.rel1.win32_1.0.100.202602081740/tools/bin/../lib/gcc/arm-none-eabi/14.3.1/../../../../arm-none-eabi/lib/thumb/v7e-m/nofp\libc_nano.a(libc_a-exit.o) (__stdio_exit_handler)
C:/ST/STM32CubeIDE_1.19.0/STM32CubeIDE/plugins/com.st.stm32cube.ide.mcu.externaltools.gnu-tools-for-stm32.14.3.rel1.win32_1.0.100.202602081740/tools/bin/../lib/gcc/arm-none-eabi/14.3.1/../../../../arm-none-eabi/lib/thumb/v7e-m/nofp\libc_nano.a(libc_a-fwalk.o)
                              C:/ST/STM32CubeIDE_1.19.0/STM32CubeIDE/plugins/com.st.stm32cube.ide.mcu.externaltools.gnu-tools-for-stm32.14.3.rel1.win32_1.0.100.202602081740/tools/bin/../lib/gcc/arm-none-eabi/14.3.1/../../../../arm-none-eabi/lib/thumb/v7e-m/nofp\libc_nano.a(libc_a-findfp.o) (_fwalk_sglue)
C:/ST/STM32CubeIDE_1.19.0/STM32CubeIDE/plugins/com.st.stm32cube.ide.mcu.externaltools.gnu-tools-for-stm32.14.3.rel1.win32_1.0.100.202602081740/tools/bin/../lib/gcc/arm-none-eabi/14.3.1/../../../../arm-none-eabi/lib/thumb/v7e-m/nofp\libc_nano.a(libc_a-stdio.o)
                              C:/ST/STM32CubeIDE_1.19.0/STM32CubeIDE/plugins/com.st.stm32cube.ide.mcu.externaltools.gnu-tools-for-stm32.14.3.rel1.win32_1.0.100.202602081740/tools/bin/../lib/gcc/arm-none-eabi/14.3.1/../../../../arm-none-eabi/lib/thumb/v7e-m/nofp\libc_nano.a(libc_a-findfp.o) (__sread)
C:/ST/STM32CubeIDE_1.19.0/STM32CubeIDE/plugins/com.st.stm32cube.ide.mcu.externaltools.gnu-tools-for-stm32.14.3.rel1.win32_1.0.100.202602081740/tools/bin/../lib/gcc/arm-none-eabi/14.3.1/../../../../arm-none-eabi/lib/thumb/v7e-m/nofp\libc_nano.a(libc_a-memset.o)
                              C:/ST/STM32CubeIDE_1.19.0/STM32CubeIDE/plugins/com.st.stm32cube.ide.mcu.externaltools.gnu-tools-for-stm32.14.3.rel1.win32_1.0.100.202602081740/tools/bin/../lib/gcc/arm-none-eabi/14.3.1/../../../../arm-none-eabi/lib/thumb/v7e-m/nofp/crt0.o (memset)
C:/ST/STM32CubeIDE_1.19.0/STM32CubeIDE/plugins/com.st.stm32cube.ide.mcu.externaltools.gnu-tools-for-stm32.14.3.rel1.win32_1.0.100.202602081740/tools/bin/../lib/gcc/arm-none-eabi/14.3.1/../../../../arm-none-eabi/lib/thumb/v7e-m/nofp\libc_nano.a(libc_a-closer.o)
                              C:/ST/STM32CubeIDE_1.19.0/STM32CubeIDE/plugins/com.st.stm32cube.ide.mcu.externaltools.gnu-tools-for-stm32.14.3.rel1.win32_1.0.100.202602081740/tools/bin/../lib/gcc/arm-none-eabi/14.3.1/../../../../arm-none-eabi/lib/thumb/v7e-m/nofp\libc_nano.a(libc_a-stdio.o) (_close_r)
C:/ST/STM32CubeIDE_1.19.0/STM32CubeIDE/plugins/com.st.stm32cube.ide.mcu.externaltools.gnu-tools-for-stm32.14.3.rel1.win32_1.0.100.202602081740/tools/bin/../lib/gcc/arm-none-eabi/14.3.1/../../../../arm-none-eabi/lib/thumb/v7e-m/nofp\libc_nano.a(libc_a-reent.o)
                              C:/ST/STM32CubeIDE_1.19.0/STM32CubeIDE/plugins/com.st.stm32cube.ide.mcu.externaltools.gnu-tools-for-stm32.14.3.rel1.win32_1.0.100.202602081740/tools/bin/../lib/gcc/arm-none-eabi/14.3.1/../../../../arm-none-eabi/lib/thumb/v7e-m/nofp\libc_nano.a(libc_a-closer.o) (errno)
C:/ST/STM32CubeIDE_1.19.0/STM32CubeIDE/plugins/com.st.stm32cube.ide.mcu.externaltools.gnu-tools-for-stm32.14.3.rel1.win32_1.0.100.202602081740/tools/bin/../lib/gcc/arm-none-eabi/14.3.1/../../../../arm-none-eabi/lib/thumb/v7e-m/nofp\libc_nano.a(libc_a-impure.o)
                              C:/ST/STM32CubeIDE_1.19.0/STM32CubeIDE/plugins/com.st.stm32cube.ide.mcu.externaltools.gnu-tools-for-stm32.14.3.rel1.win32_1.0.100.202602081740/tools/bin/../lib/gcc/arm-none-eabi/14.3.1/../../../../arm-none-eabi/lib/thumb/v7e-m/nofp\libc_nano.a(libc_a-reent.o) (_impure_ptr)
C:/ST/STM32CubeIDE_1.19.0/STM32CubeIDE/plugins/com.st.stm32cube.ide.mcu.externaltools.gnu-tools-for-stm32.14.3.rel1.win32_1.0.100.202602081740/tools/bin/../lib/gcc/arm-none-eabi/14.3.1/../../../../arm-none-eabi/lib/thumb/v7e-m/nofp\libc_nano.a(libc_a-lseekr.o)
[...]
Memory Configuration

Name             Origin             Length             Attributes
CCMRAM           0x10000000         0x00010000         xrw
RAM              0x20000000         0x00030000         xrw
FLASH            0x08000000         0x00200000         xr
*default*        0x00000000         0xffffffff

Linker script and memory map

LOAD C:/ST/STM32CubeIDE_1.19.0/STM32CubeIDE/plugins/com.st.stm32cube.ide.mcu.externaltools.gnu-tools-for-stm32.14.3.rel1.win32_1.0.100.202602081740/tools/bin/../lib/gcc/arm-none-eabi/14.3.1/thumb/v7e-m/nofp/crti.o
LOAD C:/ST/STM32CubeIDE_1.19.0/STM32CubeIDE/plugins/com.st.stm32cube.ide.mcu.externaltools.gnu-tools-for-stm32.14.3.rel1.win32_1.0.100.202602081740/tools/bin/../lib/gcc/arm-none-eabi/14.3.1/thumb/v7e-m/nofp/crtbegin.o
LOAD C:/ST/STM32CubeIDE_1.19.0/STM32CubeIDE/plugins/com.st.stm32cube.ide.mcu.externaltools.gnu-tools-for-stm32.14.3.rel1.win32_1.0.100.202602081740/tools/bin/../lib/gcc/arm-none-eabi/14.3.1/../../../../arm-none-eabi/lib/thumb/v7e-m/nofp/crt0.o
LOAD ./Core/Src/main.o
LOAD ./Core/Src/stm32f4xx_hal_msp.o
LOAD ./Core/Src/stm32f4xx_it.o
LOAD ./Core/Src/syscalls.o
LOAD ./Core/Src/sysmem.o
LOAD ./Core/Src/system_stm32f4xx.o
LOAD ./Core/Startup/startup_stm32f429nihx.o
LOAD ./Drivers/STM32F4xx_HAL_Driver/Src/stm32f4xx_hal.o
LOAD ./Drivers/STM32F4xx_HAL_Driver/Src/stm32f4xx_hal_adc.o
LOAD ./Drivers/STM32F4xx_HAL_Driver/Src/stm32f4xx_hal_adc_ex.o
LOAD ./Drivers/STM32F4xx_HAL_Driver/Src/stm32f4xx_hal_cortex.o
LOAD ./Drivers/STM32F4xx_HAL_Driver/Src/stm32f4xx_hal_dma.o
LOAD ./Drivers/STM32F4xx_HAL_Driver/Src/stm32f4xx_hal_dma_ex.o
LOAD ./Drivers/STM32F4xx_HAL_Driver/Src/stm32f4xx_hal_dsi.o
LOAD ./Drivers/STM32F4xx_HAL_Driver/Src/stm32f4xx_hal_eth.o
LOAD ./Drivers/STM32F4xx_HAL_Driver/Src/stm32f4xx_hal_exti.o
LOAD ./Drivers/STM32F4xx_HAL_Driver/Src/stm32f4xx_hal_flash.o
LOAD ./Drivers/STM32F4xx_HAL_Driver/Src/stm32f4xx_hal_flash_ex.o
LOAD ./Drivers/STM32F4xx_HAL_Driver/Src/stm32f4xx_hal_flash_ramfunc.o
LOAD ./Drivers/STM32F4xx_HAL_Driver/Src/stm32f4xx_hal_gpio.o
LOAD ./Drivers/STM32F4xx_HAL_Driver/Src/stm32f4xx_hal_hcd.o
LOAD ./Drivers/STM32F4xx_HAL_Driver/Src/stm32f4xx_hal_i2c.o
LOAD ./Drivers/STM32F4xx_HAL_Driver/Src/stm32f4xx_hal_i2c_ex.o
LOAD ./Drivers/STM32F4xx_HAL_Driver/Src/stm32f4xx_hal_ltdc.o
LOAD ./Drivers/STM32F4xx_HAL_Driver/Src/stm32f4xx_hal_ltdc_ex.o
LOAD ./Drivers/STM32F4xx_HAL_Driver/Src/stm32f4xx_hal_mmc.o
LOAD ./Drivers/STM32F4xx_HAL_Driver/Src/stm32f4xx_hal_nand.o
LOAD ./Drivers/STM32F4xx_HAL_Driver/Src/stm32f4xx_hal_nor.o
LOAD ./Drivers/STM32F4xx_HAL_Driver/Src/stm32f4xx_hal_pccard.o
LOAD ./Drivers/STM32F4xx_HAL_Driver/Src/stm32f4xx_hal_pwr.o
LOAD ./Drivers/STM32F4xx_HAL_Driver/Src/stm32f4xx_hal_pwr_ex.o
LOAD ./Drivers/STM32F4xx_HAL_Driver/Src/stm32f4xx_hal_rcc.o
LOAD ./Drivers/STM32F4xx_HAL_Driver/Src/stm32f4xx_hal_rcc_ex.o
LOAD ./Drivers/STM32F4xx_HAL_Driver/Src/stm32f4xx_hal_sai.o
LOAD ./Drivers/STM32F4xx_HAL_Driver/Src/stm32f4xx_hal_sai_ex.o
LOAD ./Drivers/STM32F4xx_HAL_Driver/Src/stm32f4xx_hal_sd.o
LOAD ./Drivers/STM32F4xx_HAL_Driver/Src/stm32f4xx_hal_sdram.o
LOAD ./Drivers/STM32F4xx_HAL_Driver/Src/stm32f4xx_hal_sram.o
LOAD ./Drivers/STM32F4xx_HAL_Driver/Src/stm32f4xx_hal_uart.o
LOAD ./Drivers/STM32F4xx_HAL_Driver/Src/stm32f4xx_ll_fmc.o
LOAD ./Drivers/STM32F4xx_HAL_Driver/Src/stm32f4xx_ll_sdmmc.o
LOAD ./Drivers/STM32F4xx_HAL_Driver/Src/stm32f4xx_ll_usb.o
START GROUP
LOAD C:/ST/STM32CubeIDE_1.19.0/STM32CubeIDE/plugins/com.st.stm32cube.ide.mcu.externaltools.gnu-tools-for-stm32.14.3.rel1.win32_1.0.100.202602081740/tools/bin/../lib/gcc/arm-none-eabi/14.3.1/../../../../arm-none-eabi/lib/thumb/v7e-m/nofp\libc_nano.a
LOAD C:/ST/STM32CubeIDE_1.19.0/STM32CubeIDE/plugins/com.st.stm32cube.ide.mcu.externaltools.gnu-tools-for-stm32.14.3.rel1.win32_1.0.100.202602081740/tools/bin/../lib/gcc/arm-none-eabi/14.3.1/../../../../arm-none-eabi/lib/thumb/v7e-m/nofp\libm.a
END GROUP
START GROUP
LOAD C:/ST/STM32CubeIDE_1.19.0/STM32CubeIDE/plugins/com.st.stm32cube.ide.mcu.externaltools.gnu-tools-for-stm32.14.3.rel1.win32_1.0.100.202602081740/tools/bin/../lib/gcc/arm-none-eabi/14.3.1/thumb/v7e-m/nofp\libgcc.a
LOAD C:/ST/STM32CubeIDE_1.19.0/STM32CubeIDE/plugins/com.st.stm32cube.ide.mcu.externaltools.gnu-tools-for-stm32.14.3.rel1.win32_1.0.100.202602081740/tools/bin/../lib/gcc/arm-none-eabi/14.3.1/../../../../arm-none-eabi/lib/thumb/v7e-m/nofp\libc_nano.a
END GROUP
START GROUP
LOAD C:/ST/STM32CubeIDE_1.19.0/STM32CubeIDE/plugins/com.st.stm32cube.ide.mcu.externaltools.gnu-tools-for-stm32.14.3.rel1.win32_1.0.100.202602081740/tools/bin/../lib/gcc/arm-none-eabi/14.3.1/thumb/v7e-m/nofp\libgcc.a
LOAD C:/ST/STM32CubeIDE_1.19.0/STM32CubeIDE/plugins/com.st.stm32cube.ide.mcu.externaltools.gnu-tools-for-stm32.14.3.rel1.win32_1.0.100.202602081740/tools/bin/../lib/gcc/arm-none-eabi/14.3.1/../../../../arm-none-eabi/lib/thumb/v7e-m/nofp\libc_nano.a
LOAD C:/ST/STM32CubeIDE_1.19.0/STM32CubeIDE/plugins/com.st.stm32cube.ide.mcu.externaltools.gnu-tools-for-stm32.14.3.rel1.win32_1.0.100.202602081740/tools/bin/../lib/gcc/arm-none-eabi/14.3.1/../../../../arm-none-eabi/lib/thumb/v7e-m/nofp\libnosys.a
END GROUP
START GROUP
LOAD C:/ST/STM32CubeIDE_1.19.0/STM32CubeIDE/plugins/com.st.stm32cube.ide.mcu.externaltools.gnu-tools-for-stm32.14.3.rel1.win32_1.0.100.202602081740/tools/bin/../lib/gcc/arm-none-eabi/14.3.1/thumb/v7e-m/nofp\libgcc.a
LOAD C:/ST/STM32CubeIDE_1.19.0/STM32CubeIDE/plugins/com.st.stm32cube.ide.mcu.externaltools.gnu-tools-for-stm32.14.3.rel1.win32_1.0.100.202602081740/tools/bin/../lib/gcc/arm-none-eabi/14.3.1/../../../../arm-none-eabi/lib/thumb/v7e-m/nofp\libc_nano.a
LOAD C:/ST/STM32CubeIDE_1.19.0/STM32CubeIDE/plugins/com.st.stm32cube.ide.mcu.externaltools.gnu-tools-for-stm32.14.3.rel1.win32_1.0.100.202602081740/tools/bin/../lib/gcc/arm-none-eabi/14.3.1/../../../../arm-none-eabi/lib/thumb/v7e-m/nofp\libnosys.a
END GROUP
LOAD C:/ST/STM32CubeIDE_1.19.0/STM32CubeIDE/plugins/com.st.stm32cube.ide.mcu.externaltools.gnu-tools-for-stm32.14.3.rel1.win32_1.0.100.202602081740/tools/bin/../lib/gcc/arm-none-eabi/14.3.1/thumb/v7e-m/nofp/crtend.o
LOAD C:/ST/STM32CubeIDE_1.19.0/STM32CubeIDE/plugins/com.st.stm32cube.ide.mcu.externaltools.gnu-tools-for-stm32.14.3.rel1.win32_1.0.100.202602081740/tools/bin/../lib/gcc/arm-none-eabi/14.3.1/thumb/v7e-m/nofp/crtn.o
                0x20030000                        _estack = (ORIGIN (RAM) + LENGTH (RAM))
                0x00000200                        _Min_Heap_Size = 0x200
                0x00000400                        _Min_Stack_Size = 0x400

.isr_vector     0x08000000      0x1ac
                0x08000000                        . = ALIGN (0x4)
 *(.isr_vector)
 .isr_vector    0x08000000      0x1ac ./Core/Startup/startup_stm32f429nihx.o
                0x08000000                g_pfnVectors
                0x080001ac                        . = ALIGN (0x4)

.text           0x080001ac     0x2590
                0x080001ac                        . = ALIGN (0x4)
 *(.text)
 .text          0x080001ac       0x40 C:/ST/STM32CubeIDE_1.19.0/STM32CubeIDE/plugins/com.st.stm32cube.ide.mcu.externaltools.gnu-tools-for-stm32.14.3.rel1.win32_1.0.100.202602081740/tools/bin/../lib/gcc/arm-none-eabi/14.3.1/thumb/v7e-m/nofp/crtbegin.o
 .text          0x080001ec      0x168 C:/ST/STM32CubeIDE_1.19.0/STM32CubeIDE/plugins/com.st.stm32cube.ide.mcu.externaltools.gnu-tools-for-stm32.14.3.rel1.win32_1.0.100.202602081740/tools/bin/../lib/gcc/arm-none-eabi/14.3.1/thumb/v7e-m/nofp\libgcc.a(_arm_mulsf3.o)
                0x080001ec                __aeabi_fmul
                0x080001ec                __mulsf3
 .text          0x08000354      0x21c C:/ST/STM32CubeIDE_1.19.0/STM32CubeIDE/plugins/com.st.stm32cube.ide.mcu.externaltools.gnu-tools-for-stm32.14.3.rel1.win32_1.0.100.202602081740/tools/bin/../lib/gcc/arm-none-eabi/14.3.1/thumb/v7e-m/nofp\libgcc.a(_arm_addsubsf3.o)
                0x08000354                __aeabi_frsub
                0x0800035c                __subsf3
                0x0800035c                __aeabi_fsub
                0x08000360                __aeabi_fadd
                0x08000360                __addsf3
                0x080004c0                __aeabi_ui2f
                0x080004c0                __floatunsisf
                0x080004c8                __aeabi_i2f
                0x080004c8                __floatsisf
                0x080004e4                __aeabi_ul2f
                0x080004e4                __floatundisf
                0x080004f4                __aeabi_l2f
                0x080004f4                __floatdisf
 *(.text*)
 .text.main     0x08000570       0x34 ./Core/Src/main.o
                0x08000570                main
 .text.NMI_Handler
                0x080005a4        0x8 ./Core/Src/stm32f4xx_it.o
                0x080005a4                NMI_Handler
 .text.HardFault_Handler
                0x080005ac        0x8 ./Core/Src/stm32f4xx_it.o
                0x080005ac                HardFault_Handler
 .text.MemManage_Handler
                0x080005b4        0x8 ./Core/Src/stm32f4xx_it.o
                0x080005b4                MemManage_Handler
 .text.BusFault_Handler
                0x080005bc        0x8 ./Core/Src/stm32f4xx_it.o
                0x080005bc                BusFault_Handler
 .text.UsageFault_Handler
                0x080005c4        0x8 ./Core/Src/stm32f4xx_it.o
                0x080005c4                UsageFault_Handler
 .text.SVC_Handler
                0x080005cc        0xc ./Core/Src/stm32f4xx_it.o
                0x080005cc                SVC_Handler
 .text.DebugMon_Handler
                0x080005d8        0xc ./Core/Src/stm32f4xx_it.o
                0x080005d8                DebugMon_Handler
 .text.PendSV_Handler
                0x080005e4        0xc ./Core/Src/stm32f4xx_it.o
                0x080005e4                PendSV_Handler
 .text.SysTick_Handler
                0x080005f0        0xc ./Core/Src/stm32f4xx_it.o
                0x080005f0                SysTick_Handler
 .text.OTG_FS_IRQHandler
                0x080005fc       0x14 ./Core/Src/stm32f4xx_it.o
                0x080005fc                OTG_FS_IRQHandler
 .text.SystemInit
                0x08000610        0xc ./Core/Src/system_stm32f4xx.o
                0x08000610                SystemInit
 .text.Reset_Handler
                0x0800061c       0x50 ./Core/Startup/startup_stm32f429nihx.o
                0x0800061c                Reset_Handler
 .text.Default_Handler
                0x0800066c        0x2 ./Core/Startup/startup_stm32f429nihx.o
                0x0800066c                RTC_Alarm_IRQHandler
                0x0800066c                HASH_RNG_IRQHandler
                0x0800066c                EXTI2_IRQHandler
                0x0800066c                TIM8_CC_IRQHandler
                0x0800066c                UART8_IRQHandler
                0x0800066c                SPI4_IRQHandler
                0x0800066c                TIM1_CC_IRQHandler
                0x0800066c                DMA2_Stream5_IRQHandler
                0x0800066c                DMA1_Stream5_IRQHandler
                0x0800066c                PVD_IRQHandler
                0x0800066c                SDIO_IRQHandler
                0x0800066c                TAMP_STAMP_IRQHandler
                0x0800066c                CAN2_RX1_IRQHandler
                0x0800066c                EXTI3_IRQHandler
                0x0800066c                TIM8_TRG_COM_TIM14_IRQHandler
                0x0800066c                TIM1_UP_TIM10_IRQHandler
                0x0800066c                TIM8_UP_TIM13_IRQHandler
                0x0800066c                I2C3_ER_IRQHandler
                0x0800066c                EXTI0_IRQHandler
                0x0800066c                I2C2_EV_IRQHandler
                0x0800066c                DMA1_Stream2_IRQHandler
                0x0800066c                CAN1_RX0_IRQHandler
                0x0800066c                FPU_IRQHandler
                0x0800066c                OTG_HS_WKUP_IRQHandler
                0x0800066c                LTDC_ER_IRQHandler
                0x0800066c                CAN2_SCE_IRQHandler
                0x0800066c                DMA2_Stream2_IRQHandler
                0x0800066c                SPI1_IRQHandler
                0x0800066c                TIM6_DAC_IRQHandler
                0x0800066c                TIM1_BRK_TIM9_IRQHandler
                0x0800066c                DCMI_IRQHandler
                0x0800066c                CAN2_RX0_IRQHandler
                0x0800066c                DMA2_Stream3_IRQHandler
                0x0800066c                USART6_IRQHandler
                0x0800066c                USART3_IRQHandler
                0x0800066c                CAN1_RX1_IRQHandler
                0x0800066c                UART5_IRQHandler
                0x0800066c                DMA2_Stream0_IRQHandler
                0x0800066c                TIM4_IRQHandler
                0x0800066c                I2C1_EV_IRQHandler
                0x0800066c                DMA1_Stream6_IRQHandler
                0x0800066c                DMA1_Stream1_IRQHandler
                0x0800066c                UART4_IRQHandler
                0x0800066c                TIM3_IRQHandler
                0x0800066c                RCC_IRQHandler
                0x0800066c                TIM8_BRK_TIM12_IRQHandler
                0x0800066c                Default_Handler
                0x0800066c                EXTI15_10_IRQHandler
                0x0800066c                ADC_IRQHandler
                0x0800066c                DMA1_Stream7_IRQHandler
                0x0800066c                SPI5_IRQHandler
                0x0800066c                TIM7_IRQHandler
                0x0800066c                CAN2_TX_IRQHandler
                0x0800066c                TIM5_IRQHandler
                0x0800066c                DMA2_Stream7_IRQHandler
                0x0800066c                I2C3_EV_IRQHandler
                0x0800066c                EXTI9_5_IRQHandler
                0x0800066c                RTC_WKUP_IRQHandler
                0x0800066c                LTDC_IRQHandler
                0x0800066c                ETH_WKUP_IRQHandler
                0x0800066c                SPI2_IRQHandler
                0x0800066c                OTG_HS_EP1_IN_IRQHandler
                0x0800066c                DMA1_Stream0_IRQHandler
                0x0800066c                CAN1_TX_IRQHandler
                0x0800066c                EXTI4_IRQHandler
                0x0800066c                ETH_IRQHandler
                0x0800066c                OTG_HS_EP1_OUT_IRQHandler
                0x0800066c                WWDG_IRQHandler
                0x0800066c                SPI6_IRQHandler
                0x0800066c                TIM2_IRQHandler
                0x0800066c                OTG_FS_WKUP_IRQHandler
                0x0800066c                TIM1_TRG_COM_TIM11_IRQHandler
                0x0800066c                OTG_HS_IRQHandler
                0x0800066c                DMA2D_IRQHandler
                0x0800066c                EXTI1_IRQHandler
                0x0800066c                UART7_IRQHandler
                0x0800066c                USART2_IRQHandler
                0x0800066c                I2C2_ER_IRQHandler
                0x0800066c                DMA2_Stream1_IRQHandler
                0x0800066c                CAN1_SCE_IRQHandler
                0x0800066c                FLASH_IRQHandler
                0x0800066c                DMA2_Stream4_IRQHandler
                0x0800066c                USART1_IRQHandler
                0x0800066c                SPI3_IRQHandler
                0x0800066c                DMA1_Stream4_IRQHandler
                0x0800066c                I2C1_ER_IRQHandler
                0x0800066c                FMC_IRQHandler
                0x0800066c                DMA2_Stream6_IRQHandler
                0x0800066c                SAI1_IRQHandler
                0x0800066c                DMA1_Stream3_IRQHandler
 *fill*         0x0800066e        0x2 
 .text.HAL_IncTick
                0x08000670       0x24 ./Drivers/STM32F4xx_HAL_Driver/Src/stm32f4xx_hal.o
                0x08000670                HAL_IncTick
 .text.HAL_HCD_IRQHandler
                0x08000694      0x220 ./Drivers/STM32F4xx_HAL_Driver/Src/stm32f4xx_hal_hcd.o
                0x08000694                HAL_HCD_IRQHandler
 .text.HAL_HCD_SOF_Callback
                0x080008b4       0x12 ./Drivers/STM32F4xx_HAL_Driver/Src/stm32f4xx_hal_hcd.o
                0x080008b4                HAL_HCD_SOF_Callback
 .text.HAL_HCD_Connect_Callback
                0x080008c6       0x12 ./Drivers/STM32F4xx_HAL_Driver/Src/stm32f4xx_hal_hcd.o
                0x080008c6                HAL_HCD_Connect_Callback
 .text.HAL_HCD_Disconnect_Callback
                0x080008d8       0x12 ./Drivers/STM32F4xx_HAL_Driver/Src/stm32f4xx_hal_hcd.o
                0x080008d8                HAL_HCD_Disconnect_Callback
 .text.HAL_HCD_PortEnabled_Callback
                0x080008ea       0x12 ./Drivers/STM32F4xx_HAL_Driver/Src/stm32f4xx_hal_hcd.o
                0x080008ea                HAL_HCD_PortEnabled_Callback
 .text.HAL_HCD_PortDisabled_Callback
                0x080008fc       0x12 ./Drivers/STM32F4xx_HAL_Driver/Src/stm32f4xx_hal_hcd.o
                0x080008fc                HAL_HCD_PortDisabled_Callback
 .text.HAL_HCD_HC_NotifyURBChange_Callback
                0x0800090e       0x1a ./Drivers/STM32F4xx_HAL_Driver/Src/stm32f4xx_hal_hcd.o
                0x0800090e                HAL_HCD_HC_NotifyURBChange_Callback
 .text.HCD_HC_IN_IRQHandler
                0x08000928      0xcd2 ./Drivers/STM32F4xx_HAL_Driver/Src/stm32f4xx_hal_hcd.o
 .text.HCD_HC_OUT_IRQHandler
                0x080015fa      0x97e ./Drivers/STM32F4xx_HAL_Driver/Src/stm32f4xx_hal_hcd.o
 .text.HCD_RXQLVL_IRQHandler
                0x08001f78      0x1be ./Drivers/STM32F4xx_HAL_Driver/Src/stm32f4xx_hal_hcd.o
 .text.HCD_Port_IRQHandler
                0x08002136       0xe6 ./Drivers/STM32F4xx_HAL_Driver/Src/stm32f4xx_hal_hcd.o
 .text.USB_FlushTxFifo
                0x0800221c       0x62 ./Drivers/STM32F4xx_HAL_Driver/Src/stm32f4xx_ll_usb.o
                0x0800221c                USB_FlushTxFifo
 .text.USB_FlushRxFifo
                0x0800227e       0x5a ./Drivers/STM32F4xx_HAL_Driver/Src/stm32f4xx_ll_usb.o
                0x0800227e                USB_FlushRxFifo
 .text.USB_ReadPacket
                0x080022d8       0xae ./Drivers/STM32F4xx_HAL_Driver/Src/stm32f4xx_ll_usb.o
                0x080022d8                USB_ReadPacket
 .text.USB_ReadInterrupts
                0x08002386       0x24 ./Drivers/STM32F4xx_HAL_Driver/Src/stm32f4xx_ll_usb.o
                0x08002386                USB_ReadInterrupts
 .text.USB_ReadChInterrupts
                0x080023aa       0x40 ./Drivers/STM32F4xx_HAL_Driver/Src/stm32f4xx_ll_usb.o
                0x080023aa                USB_ReadChInterrupts
 .text.USB_GetMode
                0x080023ea       0x1a ./Drivers/STM32F4xx_HAL_Driver/Src/stm32f4xx_ll_usb.o
                0x080023ea                USB_GetMode
 .text.USB_InitFSLSPClkSel
                0x08002404       0x78 ./Drivers/STM32F4xx_HAL_Driver/Src/stm32f4xx_ll_usb.o
                0x08002404                USB_InitFSLSPClkSel
 .text.USB_HC_ReadInterrupt
                0x0800247c       0x20 ./Drivers/STM32F4xx_HAL_Driver/Src/stm32f4xx_ll_usb.o
                0x0800247c                USB_HC_ReadInterrupt
 .text.USB_HC_Halt
                0x0800249c      0x23e ./Drivers/STM32F4xx_HAL_Driver/Src/stm32f4xx_ll_usb.o
                0x0800249c                USB_HC_Halt
 *fill*         0x080026da        0x2 
 .text.__libc_init_array
                0x080026dc       0x48 C:/ST/STM32CubeIDE_1.19.0/STM32CubeIDE/plugins/com.st.stm32cube.ide.mcu.externaltools.gnu-tools-for-stm32.14.3.rel1.win32_1.0.100.202602081740/tools/bin/../lib/gcc/arm-none-eabi/14.3.1/../../../../arm-none-eabi/lib/thumb/v7e-m/nofp\libc_nano.a(libc_a-init.o)
                0x080026dc                __libc_init_array
 *(.glue_7)
 .glue_7        0x08002724        0x0 linker stubs
 *(.glue_7t)
 .glue_7t       0x08002724        0x0 linker stubs
 *(.eh_frame)
 .eh_frame      0x08002724        0x0 C:/ST/STM32CubeIDE_1.19.0/STM32CubeIDE/plugins/com.st.stm32cube.ide.mcu.externaltools.gnu-tools-for-stm32.14.3.rel1.win32_1.0.100.202602081740/tools/bin/../lib/gcc/arm-none-eabi/14.3.1/thumb/v7e-m/nofp/crtbegin.o
 *(.init)
 .init          0x08002724        0x4 C:/ST/STM32CubeIDE_1.19.0/STM32CubeIDE/plugins/com.st.stm32cube.ide.mcu.externaltools.gnu-tools-for-stm32.14.3.rel1.win32_1.0.100.202602081740/tools/bin/../lib/gcc/arm-none-eabi/14.3.1/thumb/v7e-m/nofp/crti.o
                0x08002724                _init
 .init          0x08002728        0x8 C:/ST/STM32CubeIDE_1.19.0/STM32CubeIDE/plugins/com.st.stm32cube.ide.mcu.externaltools.gnu-tools-for-stm32.14.3.rel1.win32_1.0.100.202602081740/tools/bin/../lib/gcc/arm-none-eabi/14.3.1/thumb/v7e-m/nofp/crtn.o
 *(.fini)
 .fini          0x08002730        0x4 C:/ST/STM32CubeIDE_1.19.0/STM32CubeIDE/plugins/com.st.stm32cube.ide.mcu.externaltools.gnu-tools-for-stm32.14.3.rel1.win32_1.0.100.202602081740/tools/bin/../lib/gcc/arm-none-eabi/14.3.1/thumb/v7e-m/nofp/crti.o
                0x08002730                _fini
 .fini          0x08002734        0x8 C:/ST/STM32CubeIDE_1.19.0/STM32CubeIDE/plugins/com.st.stm32cube.ide.mcu.externaltools.gnu-tools-for-stm32.14.3.rel1.win32_1.0.100.202602081740/tools/bin/../lib/gcc/arm-none-eabi/14.3.1/thumb/v7e-m/nofp/crtn.o
                0x0800273c                        . = ALIGN (0x4)
                0x0800273c                        _etext = .

.vfp11_veneer   0x0800273c        0x0
 .vfp11_veneer  0x0800273c        0x0 linker stubs

.v4_bx          0x0800273c        0x0
 .v4_bx         0x0800273c        0x0 linker stubs

.iplt           0x0800273c        0x0
 .iplt          0x0800273c        0x0 C:/ST/STM32CubeIDE_1.19.0/STM32CubeIDE/plugins/com.st.stm32cube.ide.mcu.externaltools.gnu-tools-for-stm32.14.3.rel1.win32_1.0.100.202602081740/tools/bin/../lib/gcc/arm-none-eabi/14.3.1/thumb/v7e-m/nofp/crtbegin.o

.rodata         0x0800273c        0x0
                0x0800273c                        . = ALIGN (0x4)
 *(.rodata)
 *(.rodata*)
                0x0800273c                        . = ALIGN (0x4)

.ARM.extab      0x0800273c        0x0
                0x0800273c                        . = ALIGN (0x4)
 *(.ARM.extab* .gnu.linkonce.armextab.*)
                0x0800273c                        . = ALIGN (0x4)

.ARM            0x0800273c        0x0
                0x0800273c                        . = ALIGN (0x4)
                0x0800273c                        __exidx_start = .
 *(.ARM.exidx*)
                0x0800273c                        __exidx_end = .
                0x0800273c                        . = ALIGN (0x4)

.preinit_array  0x0800273c        0x0
                0x0800273c                        . = ALIGN (0x4)
                0x0800273c                        PROVIDE (__preinit_array_start = .)
 *(.preinit_array*)
                0x0800273c                        PROVIDE (__preinit_array_end = .)
                0x0800273c                        . = ALIGN (0x4)

.init_array     0x0800273c        0x4
                0x0800273c                        . = ALIGN (0x4)
                0x0800273c                        PROVIDE (__init_array_start = .)
 *(SORT_BY_NAME(.init_array.*))
 *(.init_array*)
 .init_array    0x0800273c        0x4 C:/ST/STM32CubeIDE_1.19.0/STM32CubeIDE/plugins/com.st.stm32cube.ide.mcu.externaltools.gnu-tools-for-stm32.14.3.rel1.win32_1.0.100.202602081740/tools/bin/../lib/gcc/arm-none-eabi/14.3.1/thumb/v7e-m/nofp/crtbegin.o
                0x08002740                        PROVIDE (__init_array_end = .)
                0x08002740                        . = ALIGN (0x4)

.fini_array     0x08002740        0x4
                0x08002740                        . = ALIGN (0x4)
                [!provide]                        PROVIDE (__fini_array_start = .)
 *(SORT_BY_NAME(.fini_array.*))
 *(.fini_array*)
 .fini_array    0x08002740        0x4 C:/ST/STM32CubeIDE_1.19.0/STM32CubeIDE/plugins/com.st.stm32cube.ide.mcu.externaltools.gnu-tools-for-stm32.14.3.rel1.win32_1.0.100.202602081740/tools/bin/../lib/gcc/arm-none-eabi/14.3.1/thumb/v7e-m/nofp/crtbegin.o
                [!provide]                        PROVIDE (__fini_array_end = .)
                0x08002744                        . = ALIGN (0x4)
                0x08002744                        _sidata = LOADADDR (.data)

.rel.dyn        0x08002744        0x0
 .rel.iplt      0x08002744        0x0 C:/ST/STM32CubeIDE_1.19.0/STM32CubeIDE/plugins/com.st.stm32cube.ide.mcu.externaltools.gnu-tools-for-stm32.14.3.rel1.win32_1.0.100.202602081740/tools/bin/../lib/gcc/arm-none-eabi/14.3.1/thumb/v7e-m/nofp/crtbegin.o

.data           0x20000000        0x4 load address 0x08002744
                0x20000000                        . = ALIGN (0x4)
                0x20000000                        _sdata = .
 *(.data)
 *(.data*)
 .data.uwTickFreq
                0x20000000        0x1 ./Drivers/STM32F4xx_HAL_Driver/Src/stm32f4xx_hal.o
                0x20000000                uwTickFreq
 *(.RamFunc)
 *(.RamFunc*)
                0x20000004                        . = ALIGN (0x4)
 *fill*         0x20000001        0x3 
                0x20000004                        _edata = .
                0x08002748                        _siccmram = LOADADDR (.ccmram)

.igot.plt       0x20000004        0x0 load address 0x08002748
 .igot.plt      0x20000004        0x0 C:/ST/STM32CubeIDE_1.19.0/STM32CubeIDE/plugins/com.st.stm32cube.ide.mcu.externaltools.gnu-tools-for-stm32.14.3.rel1.win32_1.0.100.202602081740/tools/bin/../lib/gcc/arm-none-eabi/14.3.1/thumb/v7e-m/nofp/crtbegin.o

.ccmram         0x10000000        0x0 load address 0x08002748
                0x10000000                        . = ALIGN (0x4)
                0x10000000                        _sccmram = .
 *(.ccmram)
 *(.ccmram*)
                0x10000000                        . = ALIGN (0x4)
                0x10000000                        _eccmram = .
                0x10000000                        . = ALIGN (0x4)

.bss            0x20000004      0x400
                0x20000004                        _sbss = .
                0x20000004                        __bss_start__ = _sbss
 *(.bss)
 .bss           0x20000004       0x1c C:/ST/STM32CubeIDE_1.19.0/STM32CubeIDE/plugins/com.st.stm32cube.ide.mcu.externaltools.gnu-tools-for-stm32.14.3.rel1.win32_1.0.100.202602081740/tools/bin/../lib/gcc/arm-none-eabi/14.3.1/thumb/v7e-m/nofp/crtbegin.o
 *(.bss*)
 .bss.hhcd_USB_OTG_FS
                0x20000020      0x3e0 ./Core/Src/main.o
                0x20000020                hhcd_USB_OTG_FS
 .bss.uwTick    0x20000400        0x4 ./Drivers/STM32F4xx_HAL_Driver/Src/stm32f4xx_hal.o
                0x20000400                uwTick
 *(COMMON)
                0x20000404                        . = ALIGN (0x4)
                0x20000404                        _ebss = .
                0x20000404                        __bss_end__ = _ebss

._user_heap_stack
                0x20000404      0x604
                0x20000408                        . = ALIGN (0x8)
 *fill*         0x20000404        0x4 
                [!provide]                        PROVIDE (end = .)
                0x20000408                        PROVIDE (_end = .)
                0x20000608                        . = (. + _Min_Heap_Size)
 *fill*         0x20000408      0x200 
                0x20000a08                        . = (. + _Min_Stack_Size)
 *fill*         0x20000608      0x400 
                0x20000a08                        . = ALIGN (0x8)

/DISCARD/
 libc.a(*)
 libm.a(*)
 libgcc.a(*)

.ARM.attributes
                0x00000000       0x2a
 *(.ARM.attributes)
 .ARM.attributes
                0x00000000       0x1e C:/ST/STM32CubeIDE_1.19.0/STM32CubeIDE/plugins/com.st.stm32cube.ide.mcu.externaltools.gnu-tools-for-stm32.14.3.rel1.win32_1.0.100.202602081740/tools/bin/../lib/gcc/arm-none-eabi/14.3.1/thumb/v7e-m/nofp/crti.o
 .ARM.attributes
                0x0000001e       0x2e C:/ST/STM32CubeIDE_1.19.0/STM32CubeIDE/plugins/com.st.stm32cube.ide.mcu.externaltools.gnu-tools-for-stm32.14.3.rel1.win32_1.0.100.202602081740/tools/bin/../lib/gcc/arm-none-eabi/14.3.1/thumb/v7e-m/nofp/crtbegin.o
 .ARM.attributes
                0x0000004c       0x2e ./Core/Src/main.o
 .ARM.attributes
                0x0000007a       0x2e ./Core/Src/stm32f4xx_it.o
 .ARM.attributes
                0x000000a8       0x2e ./Core/Src/system_stm32f4xx.o
 .ARM.attributes
                0x000000d6       0x21 ./Core/Startup/startup_stm32f429nihx.o
 .ARM.attributes
                0x000000f7       0x2e ./Drivers/STM32F4xx_HAL_Driver/Src/stm32f4xx_hal.o
 .ARM.attributes
                0x00000125       0x2e ./Drivers/STM32F4xx_HAL_Driver/Src/stm32f4xx_hal_hcd.o
 .ARM.attributes
                0x00000153       0x2e ./Drivers/STM32F4xx_HAL_Driver/Src/stm32f4xx_ll_usb.o
 .ARM.attributes
                0x00000181       0x2e C:/ST/STM32CubeIDE_1.19.0/STM32CubeIDE/plugins/com.st.stm32cube.ide.mcu.externaltools.gnu-tools-for-stm32.14.3.rel1.win32_1.0.100.202602081740/tools/bin/../lib/gcc/arm-none-eabi/14.3.1/../../../../arm-none-eabi/lib/thumb/v7e-m/nofp\libc_nano.a(libc_a-init.o)
 .ARM.attributes
                0x000001af       0x1e C:/ST/STM32CubeIDE_1.19.0/STM32CubeIDE/plugins/com.st.stm32cube.ide.mcu.externaltools.gnu-tools-for-stm32.14.3.rel1.win32_1.0.100.202602081740/tools/bin/../lib/gcc/arm-none-eabi/14.3.1/thumb/v7e-m/nofp\libgcc.a(_arm_mulsf3.o)
 .ARM.attributes
                0x000001cd       0x1e C:/ST/STM32CubeIDE_1.19.0/STM32CubeIDE/plugins/com.st.stm32cube.ide.mcu.externaltools.gnu-tools-for-stm32.14.3.rel1.win32_1.0.100.202602081740/tools/bin/../lib/gcc/arm-none-eabi/14.3.1/thumb/v7e-m/nofp\libgcc.a(_arm_addsubsf3.o)
 .ARM.attributes
                0x000001eb       0x1e C:/ST/STM32CubeIDE_1.19.0/STM32CubeIDE/plugins/com.st.stm32cube.ide.mcu.externaltools.gnu-tools-for-stm32.14.3.rel1.win32_1.0.100.202602081740/tools/bin/../lib/gcc/arm-none-eabi/14.3.1/thumb/v7e-m/nofp/crtn.o
OUTPUT(MPT-Einfuehrung.elf elf32-littlearm)
LOAD linker stubs
LOAD C:/ST/STM32CubeIDE_1.19.0/STM32CubeIDE/plugins/com.st.stm32cube.ide.mcu.externaltools.gnu-tools-for-stm32.14.3.rel1.win32_1.0.100.202602081740/tools/bin/../lib/gcc/arm-none-eabi/14.3.1/../../../../arm-none-eabi/lib/thumb/v7e-m/nofp\libc.a
LOAD C:/ST/STM32CubeIDE_1.19.0/STM32CubeIDE/plugins/com.st.stm32cube.ide.mcu.externaltools.gnu-tools-for-stm32.14.3.rel1.win32_1.0.100.202602081740/tools/bin/../lib/gcc/arm-none-eabi/14.3.1/../../../../arm-none-eabi/lib/thumb/v7e-m/nofp\libm.a
LOAD C:/ST/STM32CubeIDE_1.19.0/STM32CubeIDE/plugins/com.st.stm32cube.ide.mcu.externaltools.gnu-tools-for-stm32.14.3.rel1.win32_1.0.100.202602081740/tools/bin/../lib/gcc/arm-none-eabi/14.3.1/thumb/v7e-m/nofp\libgcc.a

.debug_info     0x00000000     0x73e4
 .debug_info    0x00000000     0x353f ./Core/Src/main.o
 .debug_info    0x0000353f      0x6a5 ./Core/Src/stm32f4xx_it.o
 .debug_info    0x00003be4      0x337 ./Core/Src/system_stm32f4xx.o
 .debug_info    0x00003f1b       0x30 ./Core/Startup/startup_stm32f429nihx.o
 .debug_info    0x00003f4b      0x9ba ./Drivers/STM32F4xx_HAL_Driver/Src/stm32f4xx_hal.o
 .debug_info    0x00004905     0x114c ./Drivers/STM32F4xx_HAL_Driver/Src/stm32f4xx_hal_hcd.o
 .debug_info    0x00005a51     0x1993 ./Drivers/STM32F4xx_HAL_Driver/Src/stm32f4xx_ll_usb.o

.debug_abbrev   0x00000000      0xd67
 .debug_abbrev  0x00000000      0x326 ./Core/Src/main.o
 .debug_abbrev  0x00000326      0x1a4 ./Core/Src/stm32f4xx_it.o
 .debug_abbrev  0x000004ca      0x11c ./Core/Src/system_stm32f4xx.o
 .debug_abbrev  0x000005e6       0x24 ./Core/Startup/startup_stm32f429nihx.o
 .debug_abbrev  0x0000060a      0x214 ./Drivers/STM32F4xx_HAL_Driver/Src/stm32f4xx_hal.o
 .debug_abbrev  0x0000081e      0x296 ./Drivers/STM32F4xx_HAL_Driver/Src/stm32f4xx_hal_hcd.o
 .debug_abbrev  0x00000ab4      0x2b3 ./Drivers/STM32F4xx_HAL_Driver/Src/stm32f4xx_ll_usb.o

.debug_aranges  0x00000000      0x4f0
 .debug_aranges
                0x00000000       0x90 ./Core/Src/main.o
 .debug_aranges
                0x00000090       0x68 ./Core/Src/stm32f4xx_it.o
 .debug_aranges
                0x000000f8       0x28 ./Core/Src/system_stm32f4xx.o
 .debug_aranges
                0x00000120       0x28 ./Core/Startup/startup_stm32f429nihx.o
 .debug_aranges
                0x00000148      0x100 ./Drivers/STM32F4xx_HAL_Driver/Src/stm32f4xx_hal.o
 .debug_aranges
                0x00000248      0x108 ./Drivers/STM32F4xx_HAL_Driver/Src/stm32f4xx_hal_hcd.o
 .debug_aranges
                0x00000350      0x1a0 ./Drivers/STM32F4xx_HAL_Driver/Src/stm32f4xx_ll_usb.o

.debug_rnglists
                0x00000000      0x3b7
 .debug_rnglists
                0x00000000       0x6f ./Core/Src/main.o
 .debug_rnglists
                0x0000006f       0x49 ./Core/Src/stm32f4xx_it.o
 .debug_rnglists
                0x000000b8       0x1a ./Core/Src/system_stm32f4xx.o
 .debug_rnglists
                0x000000d2       0x19 ./Core/Startup/startup_stm32f429nihx.o
 .debug_rnglists
                0x000000eb       0xbb ./Drivers/STM32F4xx_HAL_Driver/Src/stm32f4xx_hal.o
 .debug_rnglists
                0x000001a6       0xca ./Drivers/STM32F4xx_HAL_Driver/Src/stm32f4xx_hal_hcd.o
 .debug_rnglists
                0x00000270      0x147 ./Drivers/STM32F4xx_HAL_Driver/Src/stm32f4xx_ll_usb.o

.debug_macro    0x00000000    0x26563
 .debug_macro   0x00000000      0x376 ./Core/Src/main.o
 .debug_macro   0x00000376      0xacc ./Core/Src/main.o
 .debug_macro   0x00000e42      0x2d1 ./Core/Src/main.o
 .debug_macro   0x00001113       0x2e ./Core/Src/main.o
 .debug_macro   0x00001141       0x28 ./Core/Src/main.o
 .debug_macro   0x00001169       0x22 ./Core/Src/main.o
 .debug_macro   0x0000118b       0x8e ./Core/Src/main.o
 .debug_macro   0x00001219       0x51 ./Core/Src/main.o
 .debug_macro   0x0000126a      0x103 ./Core/Src/main.o
 .debug_macro   0x0000136d       0x6a ./Core/Src/main.o
 .debug_macro   0x000013d7      0x1df ./Core/Src/main.o
 .debug_macro   0x000015b6       0x1c ./Core/Src/main.o
 .debug_macro   0x000015d2       0x22 ./Core/Src/main.o
 .debug_macro   0x000015f4       0xfb ./Core/Src/main.o
 .debug_macro   0x000016ef     0x1011 ./Core/Src/main.o
 .debug_macro   0x00002700      0x11f ./Core/Src/main.o
 .debug_macro   0x0000281f    0x17ff1 ./Core/Src/main.o
 .debug_macro   0x0001a810       0x6d ./Core/Src/main.o
 .debug_macro   0x0001a87d     0x370a ./Core/Src/main.o
 .debug_macro   0x0001df87      0x190 ./Core/Src/main.o
 .debug_macro   0x0001e117       0x5c ./Core/Src/main.o
 .debug_macro   0x0001e173      0xcba ./Core/Src/main.o
 .debug_macro   0x0001ee2d      0x9e9 ./Core/Src/main.o
 .debug_macro   0x0001f816      0x115 ./Core/Src/main.o
 .debug_macro   0x0001f92b      0x156 ./Core/Src/main.o
 .debug_macro   0x0001fa81       0xa5 ./Core/Src/main.o
 .debug_macro   0x0001fb26      0x182 ./Core/Src/main.o
 .debug_macro   0x0001fca8      0x287 ./Core/Src/main.o
 .debug_macro   0x0001ff2f       0x5f ./Core/Src/main.o
 .debug_macro   0x0001ff8e      0x236 ./Core/Src/main.o
 .debug_macro   0x000201c4      0xb54 ./Core/Src/main.o
 .debug_macro   0x00020d18      0x38b ./Core/Src/main.o
 .debug_macro   0x000210a3      0x184 ./Core/Src/main.o
 .debug_macro   0x00021227       0xf9 ./Core/Src/main.o
 .debug_macro   0x00021320      0xb99 ./Core/Src/main.o
 .debug_macro   0x00021eb9      0x132 ./Core/Src/main.o
 .debug_macro   0x00021feb      0x41d ./Core/Src/main.o
 .debug_macro   0x00022408       0x2e ./Core/Src/main.o
 .debug_macro   0x00022436      0x556 ./Core/Src/main.o
 .debug_macro   0x0002298c       0x88 ./Core/Src/main.o
 .debug_macro   0x00022a14       0x11 ./Core/Src/main.o
 .debug_macro   0x00022a25      0x1b5 ./Core/Src/main.o
 .debug_macro   0x00022bda       0x22 ./Core/Src/main.o
 .debug_macro   0x00022bfc       0xd6 ./Core/Src/main.o
 .debug_macro   0x00022cd2      0x198 ./Core/Src/main.o
 .debug_macro   0x00022e6a       0xd6 ./Core/Src/main.o
 .debug_macro   0x00022f40      0x127 ./Core/Src/main.o
 .debug_macro   0x00023067       0xe2 ./Core/Src/main.o
 .debug_macro   0x00023149       0x89 ./Core/Src/main.o
 .debug_macro   0x000231d2      0x383 ./Core/Src/main.o
 .debug_macro   0x00023555       0x28 ./Core/Src/main.o
 .debug_macro   0x0002357d       0xc8 ./Core/Src/main.o
 .debug_macro   0x00023645      0x868 ./Core/Src/main.o
 .debug_macro   0x00023ead      0x1d5 ./Core/Src/main.o
 .debug_macro   0x00024082      0x2aa ./Core/Src/main.o
 .debug_macro   0x0002432c      0x293 ./Core/Src/main.o
 .debug_macro   0x000245bf       0x98 ./Core/Src/main.o
 .debug_macro   0x00024657      0x134 ./Core/Src/main.o
 .debug_macro   0x0002478b      0x872 ./Core/Src/main.o
 .debug_macro   0x00024ffd       0x61 ./Core/Src/main.o
 .debug_macro   0x0002505e       0x24 ./Core/Src/main.o
 .debug_macro   0x00025082       0x43 ./Core/Src/main.o
 .debug_macro   0x000250c5       0x34 ./Core/Src/main.o
 .debug_macro   0x000250f9      0x364 ./Core/Src/main.o
 .debug_macro   0x0002545d       0x16 ./Core/Src/main.o
 .debug_macro   0x00025473       0x4a ./Core/Src/main.o
 .debug_macro   0x000254bd       0x34 ./Core/Src/main.o
 .debug_macro   0x000254f1       0x10 ./Core/Src/main.o
 .debug_macro   0x00025501       0x58 ./Core/Src/main.o
 .debug_macro   0x00025559       0x8e ./Core/Src/main.o
 .debug_macro   0x000255e7       0x1c ./Core/Src/main.o
 .debug_macro   0x00025603      0x17e ./Core/Src/main.o
 .debug_macro   0x00025781       0x10 ./Core/Src/main.o
 .debug_macro   0x00025791       0x3c ./Core/Src/main.o
 .debug_macro   0x000257cd       0x20 ./Core/Src/main.o
 .debug_macro   0x000257ed      0x2b2 ./Core/Src/stm32f4xx_it.o
 .debug_macro   0x00025a9f      0x299 ./Core/Src/system_stm32f4xx.o
 .debug_macro   0x00025d38      0x2f9 ./Drivers/STM32F4xx_HAL_Driver/Src/stm32f4xx_hal.o
 .debug_macro   0x00026031      0x299 ./Drivers/STM32F4xx_HAL_Driver/Src/stm32f4xx_hal_hcd.o
 .debug_macro   0x000262ca      0x299 ./Drivers/STM32F4xx_HAL_Driver/Src/stm32f4xx_ll_usb.o

.debug_line     0x00000000     0x653c
 .debug_line    0x00000000      0xfb1 ./Core/Src/main.o
 .debug_line    0x00000fb1      0x990 ./Core/Src/stm32f4xx_it.o
 .debug_line    0x00001941      0x937 ./Core/Src/system_stm32f4xx.o
 .debug_line    0x00002278       0x7a ./Core/Startup/startup_stm32f429nihx.o
 .debug_line    0x000022f2      0xbf4 ./Drivers/STM32F4xx_HAL_Driver/Src/stm32f4xx_hal.o
 .debug_line    0x00002ee6     0x1761 ./Drivers/STM32F4xx_HAL_Driver/Src/stm32f4xx_hal_hcd.o
 .debug_line    0x00004647     0x1ef5 ./Drivers/STM32F4xx_HAL_Driver/Src/stm32f4xx_ll_usb.o

.debug_str      0x00000000    0xf3456
 .debug_str     0x00000000    0xf3456 ./Core/Src/main.o
                              0xf2087 (size before relaxing)
 .debug_str     0x000f3456    0xecefc ./Core/Src/stm32f4xx_it.o
 .debug_str     0x000f3456    0xeaf3c ./Core/Src/system_stm32f4xx.o
 .debug_str     0x000f3456       0xac ./Core/Startup/startup_stm32f429nihx.o
 .debug_str     0x000f3456    0xebbb3 ./Drivers/STM32F4xx_HAL_Driver/Src/stm32f4xx_hal.o
 .debug_str     0x000f3456    0xeb865 ./Drivers/STM32F4xx_HAL_Driver/Src/stm32f4xx_hal_hcd.o
 .debug_str     0x000f3456    0xeb936 ./Drivers/STM32F4xx_HAL_Driver/Src/stm32f4xx_ll_usb.o

.comment        0x00000000       0x43
 .comment       0x00000000       0x43 ./Core/Src/main.o
                                 0x44 (size before relaxing)
 .comment       0x00000043       0x44 ./Core/Src/stm32f4xx_it.o
 .comment       0x00000043       0x44 ./Core/Src/system_stm32f4xx.o
 .comment       0x00000043       0x44 ./Drivers/STM32F4xx_HAL_Driver/Src/stm32f4xx_hal.o
 .comment       0x00000043       0x44 ./Drivers/STM32F4xx_HAL_Driver/Src/stm32f4xx_hal_hcd.o
 .comment       0x00000043       0x44 ./Drivers/STM32F4xx_HAL_Driver/Src/stm32f4xx_ll_usb.o

.debug_frame    0x00000000     0x12c4
 .debug_frame   0x00000000      0x1ec ./Core/Src/main.o
 .debug_frame   0x000001ec      0x114 ./Core/Src/stm32f4xx_it.o
 .debug_frame   0x00000300       0x50 ./Core/Src/system_stm32f4xx.o
 .debug_frame   0x00000350      0x354 ./Drivers/STM32F4xx_HAL_Driver/Src/stm32f4xx_hal.o
 .debug_frame   0x000006a4      0x460 ./Drivers/STM32F4xx_HAL_Driver/Src/stm32f4xx_hal_hcd.o
 .debug_frame   0x00000b04      0x724 ./Drivers/STM32F4xx_HAL_Driver/Src/stm32f4xx_ll_usb.o
 .debug_frame   0x00001228       0x2c C:/ST/STM32CubeIDE_1.19.0/STM32CubeIDE/plugins/com.st.stm32cube.ide.mcu.externaltools.gnu-tools-for-stm32.14.3.rel1.win32_1.0.100.202602081740/tools/bin/../lib/gcc/arm-none-eabi/14.3.1/../../../../arm-none-eabi/lib/thumb/v7e-m/nofp\libc_nano.a(libc_a-init.o)
 .debug_frame   0x00001254       0x24 C:/ST/STM32CubeIDE_1.19.0/STM32CubeIDE/plugins/com.st.stm32cube.ide.mcu.externaltools.gnu-tools-for-stm32.14.3.rel1.win32_1.0.100.202602081740/tools/bin/../lib/gcc/arm-none-eabi/14.3.1/thumb/v7e-m/nofp\libgcc.a(_arm_mulsf3.o)
 .debug_frame   0x00001278       0x4c C:/ST/STM32CubeIDE_1.19.0/STM32CubeIDE/plugins/com.st.stm32cube.ide.mcu.externaltools.gnu-tools-for-stm32.14.3.rel1.win32_1.0.100.202602081740/tools/bin/../lib/gcc/arm-none-eabi/14.3.1/thumb/v7e-m/nofp\libgcc.a(_arm_addsubsf3.o)

.debug_line_str
                0x00000000       0x90
 .debug_line_str
                0x00000000       0x90 ./Core/Startup/startup_stm32f429nihx.o
