../Core/Src/main.c:105:5:main	24	static,ignoring_inline_asm
../Core/Src/main.c:151:6:SystemClock_Config	88	static
../Core/Src/main.c:205:6:PeriphCommonClock_Config	56	static
../Core/Src/main.c:226:13:MX_ADC3_Init	24	static
../Core/Src/main.c:278:13:MX_ETH_Init	8	static
../Core/Src/main.c:327:13:MX_I2C1_Init	8	static
../Core/Src/main.c:375:13:MX_LTDC_Init	112	static
../Core/Src/main.c:457:13:MX_SAI1_Init	8	static
../Core/Src/main.c:525:13:MX_SDIO_SD_Init	8	static
../Core/Src/main.c:561:13:MX_USART1_UART_Init	8	static
../Core/Src/main.c:594:13:MX_USB_OTG_FS_HCD_Init	8	static
../Core/Src/main.c:625:13:MX_USB_OTG_HS_USB_Init	4	static
../Core/Src/main.c:642:13:MX_FMC_Init	64	static
../Core/Src/main.c:764:13:MX_GPIO_Init	72	static
../Core/Src/main.c:885:6:Error_Handler	4	static,ignoring_inline_asm
