../Drivers/STM32F4xx_HAL_Driver/Src/stm32f4xx_hal_sai.c:2177:13:SAI_FillFifo	8	static
../Drivers/STM32F4xx_HAL_Driver/Src/stm32f4xx_hal_sai.c:2207:17:SAI_InterruptFlag	0	static
../Drivers/STM32F4xx_HAL_Driver/Src/stm32f4xx_hal_sai.c:2240:26:SAI_Disable.isra	0	static
../Drivers/STM32F4xx_HAL_Driver/Src/stm32f4xx_hal_sai.c:618:13:HAL_SAI_MspInit	0	static
../Drivers/STM32F4xx_HAL_Driver/Src/stm32f4xx_hal_sai.c:372:19:HAL_SAI_Init	16	static
../Drivers/STM32F4xx_HAL_Driver/Src/stm32f4xx_hal_sai.c:333:19:HAL_SAI_InitProtocol	8	static
../Drivers/STM32F4xx_HAL_Driver/Src/stm32f4xx_hal_sai.c:634:13:HAL_SAI_MspDeInit	0	static
../Drivers/STM32F4xx_HAL_Driver/Src/stm32f4xx_hal_sai.c:569:19:HAL_SAI_DeInit	16	static
../Drivers/STM32F4xx_HAL_Driver/Src/stm32f4xx_hal_sai.c:875:19:HAL_SAI_Transmit	24	static
../Drivers/STM32F4xx_HAL_Driver/Src/stm32f4xx_hal_sai.c:975:19:HAL_SAI_Receive	24	static
../Drivers/STM32F4xx_HAL_Driver/Src/stm32f4xx_hal_sai.c:1072:19:HAL_SAI_Transmit_IT	8	static
../Drivers/STM32F4xx_HAL_Driver/Src/stm32f4xx_hal_sai.c:1134:19:HAL_SAI_Receive_IT	8	static
../Drivers/STM32F4xx_HAL_Driver/Src/stm32f4xx_hal_sai.c:1192:19:HAL_SAI_DMAPause	0	static
../Drivers/STM32F4xx_HAL_Driver/Src/stm32f4xx_hal_sai.c:1212:19:HAL_SAI_DMAResume	0	static
../Drivers/STM32F4xx_HAL_Driver/Src/stm32f4xx_hal_sai.c:1239:19:HAL_SAI_DMAStop	16	static
../Drivers/STM32F4xx_HAL_Driver/Src/stm32f4xx_hal_sai.c:1298:19:HAL_SAI_Abort	16	static
../Drivers/STM32F4xx_HAL_Driver/Src/stm32f4xx_hal_sai.c:1367:19:HAL_SAI_Transmit_DMA	24	static
../Drivers/STM32F4xx_HAL_Driver/Src/stm32f4xx_hal_sai.c:1454:19:HAL_SAI_Receive_DMA	16	static
../Drivers/STM32F4xx_HAL_Driver/Src/stm32f4xx_hal_sai.c:1522:19:HAL_SAI_EnableTxMuteMode	0	static
../Drivers/STM32F4xx_HAL_Driver/Src/stm32f4xx_hal_sai.c:1541:19:HAL_SAI_DisableTxMuteMode	0	static
../Drivers/STM32F4xx_HAL_Driver/Src/stm32f4xx_hal_sai.c:1559:19:HAL_SAI_EnableRxMuteMode	8	static
../Drivers/STM32F4xx_HAL_Driver/Src/stm32f4xx_hal_sai.c:1582:19:HAL_SAI_DisableRxMuteMode	0	static
../Drivers/STM32F4xx_HAL_Driver/Src/stm32f4xx_hal_sai.c:1879:13:HAL_SAI_TxCpltCallback	0	static
../Drivers/STM32F4xx_HAL_Driver/Src/stm32f4xx_hal_sai.c:2327:13:SAI_Transmit_IT32Bit.part.0	8	static
../Drivers/STM32F4xx_HAL_Driver/Src/stm32f4xx_hal_sai.c:2298:13:SAI_Transmit_IT16Bit	4	static
../Drivers/STM32F4xx_HAL_Driver/Src/stm32f4xx_hal_sai.c:2270:13:SAI_Transmit_IT8Bit	0	static
../Drivers/STM32F4xx_HAL_Driver/Src/stm32f4xx_hal_sai.c:2327:13:SAI_Transmit_IT32Bit	4	static
../Drivers/STM32F4xx_HAL_Driver/Src/stm32f4xx_hal_sai.c:2448:13:SAI_DMATxCplt	16	static
../Drivers/STM32F4xx_HAL_Driver/Src/stm32f4xx_hal_sai.c:1895:13:HAL_SAI_TxHalfCpltCallback	0	static
../Drivers/STM32F4xx_HAL_Driver/Src/stm32f4xx_hal_sai.c:2477:13:SAI_DMATxHalfCplt	8	static
../Drivers/STM32F4xx_HAL_Driver/Src/stm32f4xx_hal_sai.c:1911:13:HAL_SAI_RxCpltCallback	0	static
../Drivers/STM32F4xx_HAL_Driver/Src/stm32f4xx_hal_sai.c:2417:13:SAI_Receive_IT32Bit	16	static
../Drivers/STM32F4xx_HAL_Driver/Src/stm32f4xx_hal_sai.c:2386:13:SAI_Receive_IT16Bit	16	static
../Drivers/STM32F4xx_HAL_Driver/Src/stm32f4xx_hal_sai.c:2356:13:SAI_Receive_IT8Bit	8	static
../Drivers/STM32F4xx_HAL_Driver/Src/stm32f4xx_hal_sai.c:2494:13:SAI_DMARxCplt	16	static
../Drivers/STM32F4xx_HAL_Driver/Src/stm32f4xx_hal_sai.c:1927:13:HAL_SAI_RxHalfCpltCallback	0	static
../Drivers/STM32F4xx_HAL_Driver/Src/stm32f4xx_hal_sai.c:2522:13:SAI_DMARxHalfCplt	8	static
../Drivers/STM32F4xx_HAL_Driver/Src/stm32f4xx_hal_sai.c:1943:13:HAL_SAI_ErrorCallback	0	static
../Drivers/STM32F4xx_HAL_Driver/Src/stm32f4xx_hal_sai.c:2539:13:SAI_DMAError	8	static
../Drivers/STM32F4xx_HAL_Driver/Src/stm32f4xx_hal_sai.c:1601:6:HAL_SAI_IRQHandler	16	static
../Drivers/STM32F4xx_HAL_Driver/Src/stm32f4xx_hal_sai.c:2574:13:SAI_DMAAbort	8	static
../Drivers/STM32F4xx_HAL_Driver/Src/stm32f4xx_hal_sai.c:1978:22:HAL_SAI_GetState	0	static
../Drivers/STM32F4xx_HAL_Driver/Src/stm32f4xx_hal_sai.c:1989:10:HAL_SAI_GetError	0	static
