../Drivers/STM32F4xx_HAL_Driver/Src/stm32f4xx_hal_nor.c:376:13:HAL_NOR_MspInit	0	static
../Drivers/STM32F4xx_HAL_Driver/Src/stm32f4xx_hal_nor.c:392:13:HAL_NOR_MspDeInit	0	static
../Drivers/STM32F4xx_HAL_Driver/Src/stm32f4xx_hal_nor.c:343:19:HAL_NOR_DeInit	8	static
../Drivers/STM32F4xx_HAL_Driver/Src/stm32f4xx_hal_nor.c:409:13:HAL_NOR_MspWait	0	static
../Drivers/STM32F4xx_HAL_Driver/Src/stm32f4xx_hal_nor.c:445:19:HAL_NOR_Read_ID	16	static,ignoring_inline_asm
../Drivers/STM32F4xx_HAL_Driver/Src/stm32f4xx_hal_nor.c:549:19:HAL_NOR_ReturnToReadMode	0	static,ignoring_inline_asm
../Drivers/STM32F4xx_HAL_Driver/Src/stm32f4xx_hal_nor.c:234:19:HAL_NOR_Init	16	static,ignoring_inline_asm
../Drivers/STM32F4xx_HAL_Driver/Src/stm32f4xx_hal_nor.c:627:19:HAL_NOR_Read	20	static,ignoring_inline_asm
../Drivers/STM32F4xx_HAL_Driver/Src/stm32f4xx_hal_nor.c:727:19:HAL_NOR_Program	20	static,ignoring_inline_asm
../Drivers/STM32F4xx_HAL_Driver/Src/stm32f4xx_hal_nor.c:821:19:HAL_NOR_ReadBuffer	20	static,ignoring_inline_asm
../Drivers/STM32F4xx_HAL_Driver/Src/stm32f4xx_hal_nor.c:932:19:HAL_NOR_ProgramBuffer	20	static,ignoring_inline_asm
../Drivers/STM32F4xx_HAL_Driver/Src/stm32f4xx_hal_nor.c:1052:19:HAL_NOR_Erase_Block	20	static,ignoring_inline_asm
../Drivers/STM32F4xx_HAL_Driver/Src/stm32f4xx_hal_nor.c:1148:19:HAL_NOR_Erase_Chip	12	static,ignoring_inline_asm
../Drivers/STM32F4xx_HAL_Driver/Src/stm32f4xx_hal_nor.c:1238:19:HAL_NOR_Read_CFI	12	static,ignoring_inline_asm
../Drivers/STM32F4xx_HAL_Driver/Src/stm32f4xx_hal_nor.c:1425:19:HAL_NOR_WriteOperation_Enable	16	static
../Drivers/STM32F4xx_HAL_Driver/Src/stm32f4xx_hal_nor.c:1459:19:HAL_NOR_WriteOperation_Disable	8	static
../Drivers/STM32F4xx_HAL_Driver/Src/stm32f4xx_hal_nor.c:1512:22:HAL_NOR_GetState	0	static
../Drivers/STM32F4xx_HAL_Driver/Src/stm32f4xx_hal_nor.c:1526:23:HAL_NOR_GetStatus	24	static,ignoring_inline_asm
